// Jest Snapshot v1, https://goo.gl/fbAQLP

exports[`React.Component Main should render correctly 1`] = `ShallowWrapper {}`;
