// Jest Snapshot v1, https://goo.gl/fbAQLP

exports[`React.Component Stories should render correctly 1`] = `ShallowWrapper {}`;
